#-----------------------------------------------------------
# Vivado v2024.2 (64-bit)
# SW Build 5239630 on Fri Nov 08 22:35:27 MST 2024
# IP Build 5239520 on Sun Nov 10 16:12:51 MST 2024
# SharedData Build 5239561 on Fri Nov 08 14:39:27 MST 2024
# Start of session at: Wed Apr 16 11:58:44 2025
# Process ID         : 11328
# Current directory  : D:/MLU_8_3/MLU_8_3.runs/impl_1
# Command line       : vivado.exe -log MLU_8_3.vdi -applog -product Vivado -messageDb vivado.pb -mode batch -source MLU_8_3.tcl -notrace
# Log file           : D:/MLU_8_3/MLU_8_3.runs/impl_1/MLU_8_3.vdi
# Journal file       : D:/MLU_8_3/MLU_8_3.runs/impl_1\vivado.jou
# Running On         : evilbot
# Platform           : Windows Server 2016 or Windows 10
# Operating System   : 26100
# Processor Detail   : 13th Gen Intel(R) Core(TM) i5-13500H
# CPU Frequency      : 3187 MHz
# CPU Physical cores : 12
# CPU Logical cores  : 16
# Host memory        : 16891 MB
# Swap memory        : 15569 MB
# Total Virtual      : 32460 MB
# Available Virtual  : 5216 MB
#-----------------------------------------------------------
source MLU_8_3.tcl -notrace
